// Jest Snapshot v1, https://goo.gl/fbAQLP

exports[`YearList matches snapshot 1`] = `
<QueryList
  className="year-list"
  emptyMessage="No previous years"
  listExtractor={[Function]}
  query={[Function]}
  template={[Function]}
/>
`;
