// Jest Snapshot v1, https://goo.gl/fbAQLP

exports[`ChallengeDetailsPage test should render 1`] = `
<PublicLayout>
  <div
    className="text-center"
  >
    <Loader />
  </div>
</PublicLayout>
`;
