// Jest Snapshot v1, https://goo.gl/fbAQLP

exports[`ExpertsList test should render 1`] = `
<div
  className="text-center"
>
  No experts found.
</div>
`;
