// Jest Snapshot v1, https://goo.gl/fbAQLP

exports[`ChallengesYearList matches snapshot 1`] = `
<QueryList
  className="year-list"
  emptyMessage="No previous challenges"
  listExtractor={[Function]}
  query={[Function]}
  template={[Function]}
/>
`;
