// Jest Snapshot v1, https://goo.gl/fbAQLP

exports[`HomeWorkflowsSpec test should render 1`] = `
<div
  className="home-workflow-spec__container"
/>
`;
