// Jest Snapshot v1, https://goo.gl/fbAQLP

exports[`FilesActionModal test should render 1`] = `
<div
  className="objects-actions-modal"
>
  <Modal
    modalFooterContent={<SwitchFooter />}
    noPadding={true}
    title="Some Action undefined Item(s)?"
  >
    <FilesList />
  </Modal>
</div>
`;
