// Jest Snapshot v1, https://goo.gl/fbAQLP

exports[`AlertNotifications test should render 1`] = `
<div
  className="alert-notifications"
/>
`;
