// Jest Snapshot v1, https://goo.gl/fbAQLP

exports[`HomeAppsPage test should render 1`] = `
<HomeLayout>
  <div
    className="home-page-layout__header-row"
  >
    <div
      className="home-page-layout__actions"
    >
      <Link
        to="/home/apps/me"
      >
        <Button
          type="primary"
        >
          <span>
            <Icon
              icon="fa-cubes"
            />
            Â  Create App
          </span>
        </Button>
      </Link>
    </div>
    <div
      className="home-page-layout__actions--right"
    >
      <DropdownMenu
        title="Actions"
      />
    </div>
  </div>
  <div
    className="pfda-padded-t20"
  >
    <Connect(HomeAppsTable)
      apps={Array []}
    />
  </div>
</HomeLayout>
`;
