// Jest Snapshot v1, https://goo.gl/fbAQLP

exports[`ExpertAskQuestionModal test should render 1`] = `
<Component
  reCaptchaKey="some-key"
  useEnterprise={true}
>
  <div
    className="objects-actions-modal"
  >
    <Modal
      hideModalHandler={[Function]}
      modalFooterContent={
        <Footer
          action={[Function]}
          hideAction={[Function]}
          isAskingDisabled={true}
        />
      }
      noPadding={true}
      title="Submit a new question"
    >
      <div
        className="modal-header"
      >
        <span>
          Asking as:Â 
          Anonymous
        </span>
        <div
          className="modal-body"
        >
          <TextareaField
            aria_label="Ask a question to submit to Expert"
            label=""
            name="asking"
            onChange={[Function]}
            placeholder="Submit a question.."
            style={
              Object {
                "height": "100px",
              }
            }
            value=""
          />
        </div>
      </div>
    </Modal>
  </div>
</Component>
`;
