// Jest Snapshot v1, https://goo.gl/fbAQLP

exports[`Markdown matches snapshot 1`] = `
<div
  dangerouslySetInnerHTML={
    Object {
      "__html": "<h1>h1 Heading</h1>
",
    }
  }
/>
`;
