// Jest Snapshot v1, https://goo.gl/fbAQLP

exports[`HomeExecutionsPage test should render 1`] = `
<HomeLayout>
  <div
    className="home-page-layout__header-row"
  >
    <div
      className="home-page-layout__actions--right"
    >
      <Connect(ActionsDropdown)
        executions={Array []}
        page="private"
      />
    </div>
  </div>
  <div
    className="pfda-padded-t20"
  >
    <Connect(HomeExecutionsTable)
      executions={Array []}
      handleFilterValue={[Function]}
    />
  </div>
</HomeLayout>
`;
