// Jest Snapshot v1, https://goo.gl/fbAQLP

exports[`HomeAppsSinglePage test should render 1`] = `
<HomeLayout>
  <span>
    File not found
  </span>
</HomeLayout>
`;
