// Jest Snapshot v1, https://goo.gl/fbAQLP

exports[`<Counter /> matches snapshot 1`] = `
<div
  className="spaces-list-card-data__counter"
>
  <div>
    <Icon
      icon=""
    />
  </div>
  <div>
    100
  </div>
</div>
`;
