// Jest Snapshot v1, https://goo.gl/fbAQLP

exports[`HomeWorkflowsFeaturedPage test should render 1`] = `
<HomeLayout>
  <div
    className="home-page-layout__header-row"
  >
    <div
      className="home-page-layout__actions--right"
    >
      <Connect(ActionsDropdown)
        file={Array []}
        makeFeatured={[Function]}
        page="featured"
      />
    </div>
  </div>
  <div
    className="pfda-padded-t20"
  >
    <Connect(HomeWorkflowsFeaturedTable)
      handleFilterValue={[Function]}
      workflows={Array []}
    />
  </div>
</HomeLayout>
`;
