// Jest Snapshot v1, https://goo.gl/fbAQLP

exports[`HomeWorkflowsEveryonePage test should render 1`] = `
<HomeLayout>
  <div
    className="home-page-layout__header-row"
  >
    <div
      className="home-page-layout__actions--right"
    >
      <Connect(ActionsDropdown)
        file={Array []}
        page="public"
      />
    </div>
  </div>
  <div
    className="pfda-padded-t20"
  >
    <Connect(HomeWorkflowsEveryoneTable)
      handleFilterValue={[Function]}
      workflows={Array []}
    />
  </div>
</HomeLayout>
`;
