// Jest Snapshot v1, https://goo.gl/fbAQLP

exports[`SpaceAppsList test should render 1`] = `
<div
  className="text-center"
>
  No apps found.
</div>
`;
